
> vikini@2.0.6 type-check
> tsc --noEmit

app/features/chat/components/InputForm.tsx(174,9): error TS1005: 'try' expected.
app/features/chat/components/InputForm.tsx(182,6): error TS1472: 'catch' or 'finally' expected.
app/features/chat/components/InputForm.tsx(297,1): error TS1005: '}' expected.
